// Vitest Snapshot v1

exports[`<Header/> > Should match snapshot 1`] = `
.c2 {
  color: #0A1128;
  font-size: 2.4rem;
  text-transform: uppercase;
}

.c6 {
  color: #0A1128;
  font-size: 4.0rem;
  text-transform: none;
}

.c4 {
  display: -webkit-box;
  display: -webkit-flex;
  display: -ms-flexbox;
  display: flex;
  -webkit-align-items: center;
  -webkit-box-align: center;
  -ms-flex-align: center;
  align-items: center;
  -webkit-text-decoration: none;
  text-decoration: none;
  color: inherit;
}

.c4 > img {
  width: 15rem;
  height: 15rem;
  border-radius: 50%;
  background: #333333;
}

.c7 {
  font-size: 1.6rem;
}

.c7 p {
  margin: 4.0rem0;
}

.c7 a,
.c7 a:visited,
.c7 a:link {
  color: #dc143c;
  -webkit-text-decoration: none;
  text-decoration: none;
  -webkit-transition: all 300ms ease-in-out;
  transition: all 300ms ease-in-out;
}

.c7 a:hover {
  -webkit-filter: brightness(50%);
  filter: brightness(50%);
}

.c7 pre {
  background: #0A1128;
  padding: 2.4rem;
  font-family: monospace;
  color: #FFFFFF;
  margin: 4.0rem 0;
  width: 100%;
  overflow-x: auto;
  font-size: 1.6rem;
}

.c7 img {
  max-width: 100%;
}

.c7 .image {
  background: #DDDDDD;
  line-height: 0;
}

.c7 .image figcaption {
  font-size: 1.6rem;
  padding: 1.6rem;
  text-align: center;
  line-height: 1.3;
}

.c7 .image-style-side {
  max-width: 50%;
  float: right;
  margin: 2.4rem;
}

.c7 hr {
  border: none;
  border-bottom: 0.1rem solid #DDDDDD;
}

.c7 .table {
  width: 100%;
  overflow: hidden;
  overflow-x: auto;
}

.c7 table {
  width: 100%;
  border-collapse: collapse;
}

.c7 table td,
.c7 table th {
  padding: 1.6rem;
  border: 0.1rem solid #DDDDDD;
}

.c7 ul,
.c7 ol {
  margin: 4.0rem;
}

.c0 {
  display: -webkit-box;
  display: -webkit-flex;
  display: -ms-flexbox;
  display: flex;
  -webkit-align-items: center;
  -webkit-box-align: center;
  -ms-flex-align: center;
  align-items: center;
  -webkit-box-pack: center;
  -webkit-justify-content: center;
  -ms-flex-pack: center;
  justify-content: center;
  padding-bottom: 5.6rem;
  width: 100%;
  max-width: 96rem;
  color: #333333;
  font-size: 1.6rem;
  margin: 0 auto;
}

.c0 .c1 {
  margin: 0 0 calc(1.6rem - 1rem);
}

.c0 .c3 >img {
  border: 0.3rem solid;
  border-color: rgb(74 222 128);
}

.c5 {
  display: -webkit-box;
  display: -webkit-flex;
  display: -ms-flexbox;
  display: flex;
  -webkit-flex-flow: column wrap;
  -ms-flex-flow: column wrap;
  flex-flow: column wrap;
  margin-left: 3.2rem;
  max-width: 48rem;
}

@media (max-width:768px) {
  .c7 {
    font-size: 1.6rem;
  }

  .c7 .image-style-side {
    max-width: 100%;
    float: none;
    margin: 0;
  }
}

@media (max-width:768px) {
  .c0 {
    display: -webkit-box;
    display: -webkit-flex;
    display: -ms-flexbox;
    display: flex;
    -webkit-flex-flow: column wrap;
    -ms-flex-flow: column wrap;
    flex-flow: column wrap;
  }

  .c0 > .c1 {
    margin: 0 0 2.4rem 0;
  }
}

@media (max-width:768px) {
  .c5 {
    margin-left: 0;
  }
}

<div>
  <header
    class="c0"
  >
    <h1
      class="c1 c2"
    >
      <a
        class="c3 c4"
        href="/"
        target="_blank"
      >
        <img
          alt="Usuário teste - Et sed legere rationibus, vitae evertitur ad eam. Eu amet vero officiis vis. Ad nullam pericula neglegentur sit, vix ei regione legendos argumentum. Mei an quas convenire, nobis dicunt mei ut."
          src="assets/images/logo.png"
        />
      </a>
    </h1>
    <div
      class="c5"
    >
      <h1
        class="c1 c6"
      >
        Usuário teste
      </h1>
      <div
        class="c7"
      >
        Et sed legere rationibus, vitae evertitur ad eam. Eu amet vero officiis vis. Ad nullam pericula neglegentur sit, vix ei regione legendos argumentum. Mei an quas convenire, nobis dicunt mei ut.
      </div>
    </div>
  </header>
</div>
`;
